// Jest Snapshot v1, https://goo.gl/fbAQLP

exports[`should return ExpenseDashBoardpage 1`] = `
<div>
  <ExpenseList />
  <Connect(ExpenseSummary) />
  <Connect(ExpenseListFilters) />
</div>
`;
