// Jest Snapshot v1, https://goo.gl/fbAQLP

exports[`should return ExpenseList with ExpenseListItems 1`] = `
<div>
  <Connect(ExpenseListItem) />
</div>
`;
