// Jest Snapshot v1, https://goo.gl/fbAQLP

exports[`should render header correctly 1`] = `
<header>
  <h1>
    Expensify
  </h1>
  <p>
    <NavLink
      className={[Function]}
      to="/"
    >
      Home
    </NavLink>
  </p>
  <p>
    <NavLink
      className={[Function]}
      to="create"
    >
      Create
    </NavLink>
  </p>
  <p>
    <NavLink
      className={[Function]}
      to="help"
    >
      Help
    </NavLink>
  </p>
</header>
`;
